2025-12-06T13:27:20.002+05:30  INFO 10412 --- [UniversityManagementSystem] [main] .d.UniversityManagementSystemApplication : Starting UniversityManagementSystemApplication using Java 24.0.1 with PID 10412 (C:\Users\AARU\Downloads\UniversityManagementSystem-main\UniversityManagementSystem\target\classes started by Shubham in C:\Users\AARU\Downloads\UniversityManagementSystem-main\UniversityManagementSystem)
2025-12-06T13:27:20.024+05:30  INFO 10412 --- [UniversityManagementSystem] [main] .d.UniversityManagementSystemApplication : No active profile set, falling back to 1 default profile: "default"
2025-12-06T13:27:22.905+05:30  INFO 10412 --- [UniversityManagementSystem] [main] .s.d.r.c.RepositoryConfigurationDelegate : Bootstrapping Spring Data JPA repositories in DEFAULT mode.
2025-12-06T13:27:23.107+05:30  INFO 10412 --- [UniversityManagementSystem] [main] .s.d.r.c.RepositoryConfigurationDelegate : Finished Spring Data repository scanning in 171 ms. Found 5 JPA repository interfaces.
2025-12-06T13:27:24.489+05:30  INFO 10412 --- [UniversityManagementSystem] [main] o.s.b.w.embedded.tomcat.TomcatWebServer  : Tomcat initialized with port 8080 (http)
2025-12-06T13:27:24.532+05:30  INFO 10412 --- [UniversityManagementSystem] [main] o.apache.catalina.core.StandardService   : Starting service [Tomcat]
2025-12-06T13:27:24.533+05:30  INFO 10412 --- [UniversityManagementSystem] [main] o.apache.catalina.core.StandardEngine    : Starting Servlet engine: [Apache Tomcat/10.1.49]
2025-12-06T13:27:24.709+05:30  INFO 10412 --- [UniversityManagementSystem] [main] o.a.c.c.C.[Tomcat].[localhost].[/]       : Initializing Spring embedded WebApplicationContext
2025-12-06T13:27:24.713+05:30  INFO 10412 --- [UniversityManagementSystem] [main] w.s.c.ServletWebServerApplicationContext : Root WebApplicationContext: initialization completed in 4516 ms
2025-12-06T13:27:25.553+05:30  INFO 10412 --- [UniversityManagementSystem] [main] o.hibernate.jpa.internal.util.LogHelper  : HHH000204: Processing PersistenceUnitInfo [name: default]
2025-12-06T13:27:25.734+05:30  INFO 10412 --- [UniversityManagementSystem] [main] org.hibernate.Version                    : HHH000412: Hibernate ORM core version 6.6.36.Final
2025-12-06T13:27:25.858+05:30  INFO 10412 --- [UniversityManagementSystem] [main] o.h.c.internal.RegionFactoryInitiator    : HHH000026: Second-level cache disabled
2025-12-06T13:27:27.001+05:30  INFO 10412 --- [UniversityManagementSystem] [main] o.s.o.j.p.SpringPersistenceUnitInfo      : No LoadTimeWeaver setup: ignoring JPA class transformer
2025-12-06T13:27:27.085+05:30  INFO 10412 --- [UniversityManagementSystem] [main] com.zaxxer.hikari.HikariDataSource       : HikariPool-1 - Starting...
2025-12-06T13:27:27.677+05:30  INFO 10412 --- [UniversityManagementSystem] [main] com.zaxxer.hikari.pool.HikariPool        : HikariPool-1 - Added connection org.postgresql.jdbc.PgConnection@224e6e88
2025-12-06T13:27:27.683+05:30  INFO 10412 --- [UniversityManagementSystem] [main] com.zaxxer.hikari.HikariDataSource       : HikariPool-1 - Start completed.
2025-12-06T13:27:27.784+05:30  WARN 10412 --- [UniversityManagementSystem] [main] org.hibernate.orm.deprecation            : HHH90000025: PostgreSQLDialect does not need to be specified explicitly using 'hibernate.dialect' (remove the property setting and it will be selected by default)
2025-12-06T13:27:27.847+05:30  INFO 10412 --- [UniversityManagementSystem] [main] org.hibernate.orm.connections.pooling    : HHH10001005: Database info:
	Database JDBC URL [Connecting through datasource 'HikariDataSource (HikariPool-1)']
	Database driver: undefined/unknown
	Database version: 18.0
	Autocommit mode: undefined/unknown
	Isolation level: undefined/unknown
	Minimum pool size: undefined/unknown
	Maximum pool size: undefined/unknown
2025-12-06T13:27:33.017+05:30  INFO 10412 --- [UniversityManagementSystem] [main] o.h.e.t.j.p.i.JtaPlatformInitiator       : HHH000489: No JTA platform available (set 'hibernate.transaction.jta.platform' to enable JTA platform integration)
2025-12-06T13:27:33.431+05:30  INFO 10412 --- [UniversityManagementSystem] [main] j.LocalContainerEntityManagerFactoryBean : Initialized JPA EntityManagerFactory for persistence unit 'default'
2025-12-06T13:27:35.073+05:30  WARN 10412 --- [UniversityManagementSystem] [main] JpaBaseConfiguration$JpaWebConfiguration : spring.jpa.open-in-view is enabled by default. Therefore, database queries may be performed during view rendering. Explicitly configure spring.jpa.open-in-view to disable this warning
2025-12-06T13:27:35.156+05:30  INFO 10412 --- [UniversityManagementSystem] [main] o.s.b.a.w.s.WelcomePageHandlerMapping    : Adding welcome page: class path resource [static/index.html]
2025-12-06T13:27:36.501+05:30  INFO 10412 --- [UniversityManagementSystem] [main] o.s.b.a.e.web.EndpointLinksResolver      : Exposing 1 endpoint beneath base path '/actuator'
2025-12-06T13:27:36.837+05:30  INFO 10412 --- [UniversityManagementSystem] [main] o.s.b.w.embedded.tomcat.TomcatWebServer  : Tomcat started on port 8080 (http) with context path '/'
2025-12-06T13:27:36.902+05:30  INFO 10412 --- [UniversityManagementSystem] [main] .d.UniversityManagementSystemApplication : Started UniversityManagementSystemApplication in 18.706 seconds (process running for 21.022)
2025-12-06T13:28:04.654+05:30  INFO 10412 --- [UniversityManagementSystem] [http-nio-8080-exec-2] o.a.c.c.C.[Tomcat].[localhost].[/]       : Initializing Spring DispatcherServlet 'dispatcherServlet'
2025-12-06T13:28:04.655+05:30  INFO 10412 --- [UniversityManagementSystem] [http-nio-8080-exec-2] o.s.web.servlet.DispatcherServlet        : Initializing Servlet 'dispatcherServlet'
2025-12-06T13:28:04.667+05:30  INFO 10412 --- [UniversityManagementSystem] [http-nio-8080-exec-2] o.s.web.servlet.DispatcherServlet        : Completed initialization in 11 ms
2025-12-06T13:47:16.839+05:30  INFO 9328 --- [UniversityManagementSystem] [main] .d.UniversityManagementSystemApplication : Starting UniversityManagementSystemApplication using Java 24.0.1 with PID 9328 (C:\Users\AARU\Downloads\UniversityManagementSystem-main\UniversityManagementSystem\target\classes started by Shubham in C:\Users\AARU\Downloads\UniversityManagementSystem-main\UniversityManagementSystem)
2025-12-06T13:47:16.846+05:30  INFO 9328 --- [UniversityManagementSystem] [main] .d.UniversityManagementSystemApplication : No active profile set, falling back to 1 default profile: "default"
2025-12-06T13:47:19.129+05:30  INFO 9328 --- [UniversityManagementSystem] [main] .s.d.r.c.RepositoryConfigurationDelegate : Bootstrapping Spring Data JPA repositories in DEFAULT mode.
2025-12-06T13:47:19.293+05:30  INFO 9328 --- [UniversityManagementSystem] [main] .s.d.r.c.RepositoryConfigurationDelegate : Finished Spring Data repository scanning in 142 ms. Found 5 JPA repository interfaces.
2025-12-06T13:47:20.327+05:30  INFO 9328 --- [UniversityManagementSystem] [main] o.s.b.w.embedded.tomcat.TomcatWebServer  : Tomcat initialized with port 8080 (http)
2025-12-06T13:47:20.364+05:30  INFO 9328 --- [UniversityManagementSystem] [main] o.apache.catalina.core.StandardService   : Starting service [Tomcat]
2025-12-06T13:47:20.365+05:30  INFO 9328 --- [UniversityManagementSystem] [main] o.apache.catalina.core.StandardEngine    : Starting Servlet engine: [Apache Tomcat/10.1.49]
2025-12-06T13:47:20.548+05:30  INFO 9328 --- [UniversityManagementSystem] [main] o.a.c.c.C.[Tomcat].[localhost].[/]       : Initializing Spring embedded WebApplicationContext
2025-12-06T13:47:20.550+05:30  INFO 9328 --- [UniversityManagementSystem] [main] w.s.c.ServletWebServerApplicationContext : Root WebApplicationContext: initialization completed in 3583 ms
2025-12-06T13:47:21.160+05:30  INFO 9328 --- [UniversityManagementSystem] [main] o.hibernate.jpa.internal.util.LogHelper  : HHH000204: Processing PersistenceUnitInfo [name: default]
2025-12-06T13:47:21.294+05:30  INFO 9328 --- [UniversityManagementSystem] [main] org.hibernate.Version                    : HHH000412: Hibernate ORM core version 6.6.36.Final
2025-12-06T13:47:21.378+05:30  INFO 9328 --- [UniversityManagementSystem] [main] o.h.c.internal.RegionFactoryInitiator    : HHH000026: Second-level cache disabled
2025-12-06T13:47:22.143+05:30  INFO 9328 --- [UniversityManagementSystem] [main] o.s.o.j.p.SpringPersistenceUnitInfo      : No LoadTimeWeaver setup: ignoring JPA class transformer
2025-12-06T13:47:22.217+05:30  INFO 9328 --- [UniversityManagementSystem] [main] com.zaxxer.hikari.HikariDataSource       : HikariPool-1 - Starting...
2025-12-06T13:47:22.834+05:30  INFO 9328 --- [UniversityManagementSystem] [main] com.zaxxer.hikari.pool.HikariPool        : HikariPool-1 - Added connection org.postgresql.jdbc.PgConnection@146f3d22
2025-12-06T13:47:22.837+05:30  INFO 9328 --- [UniversityManagementSystem] [main] com.zaxxer.hikari.HikariDataSource       : HikariPool-1 - Start completed.
2025-12-06T13:47:22.928+05:30  WARN 9328 --- [UniversityManagementSystem] [main] org.hibernate.orm.deprecation            : HHH90000025: PostgreSQLDialect does not need to be specified explicitly using 'hibernate.dialect' (remove the property setting and it will be selected by default)
2025-12-06T13:47:22.991+05:30  INFO 9328 --- [UniversityManagementSystem] [main] org.hibernate.orm.connections.pooling    : HHH10001005: Database info:
	Database JDBC URL [Connecting through datasource 'HikariDataSource (HikariPool-1)']
	Database driver: undefined/unknown
	Database version: 18.0
	Autocommit mode: undefined/unknown
	Isolation level: undefined/unknown
	Minimum pool size: undefined/unknown
	Maximum pool size: undefined/unknown
2025-12-06T13:47:25.248+05:30  INFO 9328 --- [UniversityManagementSystem] [main] o.h.e.t.j.p.i.JtaPlatformInitiator       : HHH000489: No JTA platform available (set 'hibernate.transaction.jta.platform' to enable JTA platform integration)
2025-12-06T13:47:25.531+05:30  INFO 9328 --- [UniversityManagementSystem] [main] j.LocalContainerEntityManagerFactoryBean : Initialized JPA EntityManagerFactory for persistence unit 'default'
2025-12-06T13:47:26.349+05:30  WARN 9328 --- [UniversityManagementSystem] [main] JpaBaseConfiguration$JpaWebConfiguration : spring.jpa.open-in-view is enabled by default. Therefore, database queries may be performed during view rendering. Explicitly configure spring.jpa.open-in-view to disable this warning
2025-12-06T13:47:26.397+05:30  INFO 9328 --- [UniversityManagementSystem] [main] o.s.b.a.w.s.WelcomePageHandlerMapping    : Adding welcome page: class path resource [static/index.html]
2025-12-06T13:47:27.426+05:30  INFO 9328 --- [UniversityManagementSystem] [main] o.s.b.a.e.web.EndpointLinksResolver      : Exposing 1 endpoint beneath base path '/actuator'
2025-12-06T13:47:27.631+05:30  INFO 9328 --- [UniversityManagementSystem] [main] o.s.b.w.embedded.tomcat.TomcatWebServer  : Tomcat started on port 8080 (http) with context path '/'
2025-12-06T13:47:27.719+05:30  INFO 9328 --- [UniversityManagementSystem] [main] .d.UniversityManagementSystemApplication : Started UniversityManagementSystemApplication in 12.029 seconds (process running for 14.089)
2025-12-06T13:47:35.583+05:30  INFO 9328 --- [UniversityManagementSystem] [http-nio-8080-exec-1] o.a.c.c.C.[Tomcat].[localhost].[/]       : Initializing Spring DispatcherServlet 'dispatcherServlet'
2025-12-06T13:47:35.583+05:30  INFO 9328 --- [UniversityManagementSystem] [http-nio-8080-exec-1] o.s.web.servlet.DispatcherServlet        : Initializing Servlet 'dispatcherServlet'
2025-12-06T13:47:35.592+05:30  INFO 9328 --- [UniversityManagementSystem] [http-nio-8080-exec-1] o.s.web.servlet.DispatcherServlet        : Completed initialization in 8 ms
2025-12-06T13:58:40.402+05:30  INFO 8224 --- [UniversityManagementSystem] [main] .d.UniversityManagementSystemApplication : Starting UniversityManagementSystemApplication using Java 24.0.1 with PID 8224 (C:\Users\AARU\Downloads\UniversityManagementSystem-main\UniversityManagementSystem\target\classes started by Shubham in C:\Users\AARU\Downloads\UniversityManagementSystem-main\UniversityManagementSystem)
2025-12-06T13:58:40.405+05:30  INFO 8224 --- [UniversityManagementSystem] [main] .d.UniversityManagementSystemApplication : No active profile set, falling back to 1 default profile: "default"
2025-12-06T13:58:42.063+05:30  INFO 8224 --- [UniversityManagementSystem] [main] .s.d.r.c.RepositoryConfigurationDelegate : Bootstrapping Spring Data JPA repositories in DEFAULT mode.
2025-12-06T13:58:42.186+05:30  INFO 8224 --- [UniversityManagementSystem] [main] .s.d.r.c.RepositoryConfigurationDelegate : Finished Spring Data repository scanning in 105 ms. Found 5 JPA repository interfaces.
2025-12-06T13:58:42.849+05:30  INFO 8224 --- [UniversityManagementSystem] [main] o.s.b.w.embedded.tomcat.TomcatWebServer  : Tomcat initialized with port 8080 (http)
2025-12-06T13:58:42.877+05:30  INFO 8224 --- [UniversityManagementSystem] [main] o.apache.catalina.core.StandardService   : Starting service [Tomcat]
2025-12-06T13:58:42.877+05:30  INFO 8224 --- [UniversityManagementSystem] [main] o.apache.catalina.core.StandardEngine    : Starting Servlet engine: [Apache Tomcat/10.1.49]
2025-12-06T13:58:42.962+05:30  INFO 8224 --- [UniversityManagementSystem] [main] o.a.c.c.C.[Tomcat].[localhost].[/]       : Initializing Spring embedded WebApplicationContext
2025-12-06T13:58:42.963+05:30  INFO 8224 --- [UniversityManagementSystem] [main] w.s.c.ServletWebServerApplicationContext : Root WebApplicationContext: initialization completed in 2448 ms
2025-12-06T13:58:43.409+05:30  INFO 8224 --- [UniversityManagementSystem] [main] o.hibernate.jpa.internal.util.LogHelper  : HHH000204: Processing PersistenceUnitInfo [name: default]
2025-12-06T13:58:43.517+05:30  INFO 8224 --- [UniversityManagementSystem] [main] org.hibernate.Version                    : HHH000412: Hibernate ORM core version 6.6.36.Final
2025-12-06T13:58:43.589+05:30  INFO 8224 --- [UniversityManagementSystem] [main] o.h.c.internal.RegionFactoryInitiator    : HHH000026: Second-level cache disabled
2025-12-06T13:58:44.119+05:30  INFO 8224 --- [UniversityManagementSystem] [main] o.s.o.j.p.SpringPersistenceUnitInfo      : No LoadTimeWeaver setup: ignoring JPA class transformer
2025-12-06T13:58:44.177+05:30  INFO 8224 --- [UniversityManagementSystem] [main] com.zaxxer.hikari.HikariDataSource       : HikariPool-1 - Starting...
2025-12-06T13:58:44.597+05:30  INFO 8224 --- [UniversityManagementSystem] [main] com.zaxxer.hikari.pool.HikariPool        : HikariPool-1 - Added connection org.postgresql.jdbc.PgConnection@2faf6e4a
2025-12-06T13:58:44.600+05:30  INFO 8224 --- [UniversityManagementSystem] [main] com.zaxxer.hikari.HikariDataSource       : HikariPool-1 - Start completed.
2025-12-06T13:58:44.681+05:30  WARN 8224 --- [UniversityManagementSystem] [main] org.hibernate.orm.deprecation            : HHH90000025: PostgreSQLDialect does not need to be specified explicitly using 'hibernate.dialect' (remove the property setting and it will be selected by default)
2025-12-06T13:58:44.725+05:30  INFO 8224 --- [UniversityManagementSystem] [main] org.hibernate.orm.connections.pooling    : HHH10001005: Database info:
	Database JDBC URL [Connecting through datasource 'HikariDataSource (HikariPool-1)']
	Database driver: undefined/unknown
	Database version: 18.0
	Autocommit mode: undefined/unknown
	Isolation level: undefined/unknown
	Minimum pool size: undefined/unknown
	Maximum pool size: undefined/unknown
2025-12-06T13:58:46.536+05:30  INFO 8224 --- [UniversityManagementSystem] [main] o.h.e.t.j.p.i.JtaPlatformInitiator       : HHH000489: No JTA platform available (set 'hibernate.transaction.jta.platform' to enable JTA platform integration)
2025-12-06T13:58:46.829+05:30  INFO 8224 --- [UniversityManagementSystem] [main] j.LocalContainerEntityManagerFactoryBean : Initialized JPA EntityManagerFactory for persistence unit 'default'
2025-12-06T13:58:47.433+05:30  WARN 8224 --- [UniversityManagementSystem] [main] JpaBaseConfiguration$JpaWebConfiguration : spring.jpa.open-in-view is enabled by default. Therefore, database queries may be performed during view rendering. Explicitly configure spring.jpa.open-in-view to disable this warning
2025-12-06T13:58:47.475+05:30  INFO 8224 --- [UniversityManagementSystem] [main] o.s.b.a.w.s.WelcomePageHandlerMapping    : Adding welcome page: class path resource [static/index.html]
2025-12-06T13:58:48.276+05:30  INFO 8224 --- [UniversityManagementSystem] [main] o.s.b.a.e.web.EndpointLinksResolver      : Exposing 1 endpoint beneath base path '/actuator'
2025-12-06T13:58:48.436+05:30  WARN 8224 --- [UniversityManagementSystem] [main] ConfigServletWebServerApplicationContext : Exception encountered during context initialization - cancelling refresh attempt: org.springframework.context.ApplicationContextException: Failed to start bean 'webServerStartStop'
2025-12-06T13:58:48.444+05:30  INFO 8224 --- [UniversityManagementSystem] [main] j.LocalContainerEntityManagerFactoryBean : Closing JPA EntityManagerFactory for persistence unit 'default'
2025-12-06T13:58:48.449+05:30  INFO 8224 --- [UniversityManagementSystem] [main] com.zaxxer.hikari.HikariDataSource       : HikariPool-1 - Shutdown initiated...
2025-12-06T13:58:48.462+05:30  INFO 8224 --- [UniversityManagementSystem] [main] com.zaxxer.hikari.HikariDataSource       : HikariPool-1 - Shutdown completed.
2025-12-06T13:58:48.510+05:30  INFO 8224 --- [UniversityManagementSystem] [main] .s.b.a.l.ConditionEvaluationReportLogger : 

Error starting ApplicationContext. To display the condition evaluation report re-run your application with 'debug' enabled.
2025-12-06T13:58:48.544+05:30 ERROR 8224 --- [UniversityManagementSystem] [main] o.s.b.d.LoggingFailureAnalysisReporter   : 

***************************
APPLICATION FAILED TO START
***************************

Description:

Web server failed to start. Port 8080 was already in use.

Action:

Identify and stop the process that's listening on port 8080 or configure this application to listen on another port.

2025-12-06T13:59:53.465+05:30  INFO 11972 --- [UniversityManagementSystem] [main] .d.UniversityManagementSystemApplication : Starting UniversityManagementSystemApplication using Java 24.0.1 with PID 11972 (C:\Users\AARU\Downloads\UniversityManagementSystem-main\UniversityManagementSystem\target\classes started by Shubham in C:\Users\AARU\Downloads\UniversityManagementSystem-main\UniversityManagementSystem)
2025-12-06T13:59:53.468+05:30  INFO 11972 --- [UniversityManagementSystem] [main] .d.UniversityManagementSystemApplication : No active profile set, falling back to 1 default profile: "default"
2025-12-06T13:59:54.924+05:30  INFO 11972 --- [UniversityManagementSystem] [main] .s.d.r.c.RepositoryConfigurationDelegate : Bootstrapping Spring Data JPA repositories in DEFAULT mode.
2025-12-06T13:59:55.048+05:30  INFO 11972 --- [UniversityManagementSystem] [main] .s.d.r.c.RepositoryConfigurationDelegate : Finished Spring Data repository scanning in 107 ms. Found 5 JPA repository interfaces.
2025-12-06T13:59:55.689+05:30  INFO 11972 --- [UniversityManagementSystem] [main] o.s.b.w.embedded.tomcat.TomcatWebServer  : Tomcat initialized with port 8080 (http)
2025-12-06T13:59:55.715+05:30  INFO 11972 --- [UniversityManagementSystem] [main] o.apache.catalina.core.StandardService   : Starting service [Tomcat]
2025-12-06T13:59:55.716+05:30  INFO 11972 --- [UniversityManagementSystem] [main] o.apache.catalina.core.StandardEngine    : Starting Servlet engine: [Apache Tomcat/10.1.49]
2025-12-06T13:59:55.800+05:30  INFO 11972 --- [UniversityManagementSystem] [main] o.a.c.c.C.[Tomcat].[localhost].[/]       : Initializing Spring embedded WebApplicationContext
2025-12-06T13:59:55.802+05:30  INFO 11972 --- [UniversityManagementSystem] [main] w.s.c.ServletWebServerApplicationContext : Root WebApplicationContext: initialization completed in 2247 ms
2025-12-06T13:59:56.297+05:30  INFO 11972 --- [UniversityManagementSystem] [main] o.hibernate.jpa.internal.util.LogHelper  : HHH000204: Processing PersistenceUnitInfo [name: default]
2025-12-06T13:59:56.404+05:30  INFO 11972 --- [UniversityManagementSystem] [main] org.hibernate.Version                    : HHH000412: Hibernate ORM core version 6.6.36.Final
2025-12-06T13:59:56.479+05:30  INFO 11972 --- [UniversityManagementSystem] [main] o.h.c.internal.RegionFactoryInitiator    : HHH000026: Second-level cache disabled
2025-12-06T13:59:56.948+05:30  INFO 11972 --- [UniversityManagementSystem] [main] o.s.o.j.p.SpringPersistenceUnitInfo      : No LoadTimeWeaver setup: ignoring JPA class transformer
2025-12-06T13:59:57.001+05:30  INFO 11972 --- [UniversityManagementSystem] [main] com.zaxxer.hikari.HikariDataSource       : HikariPool-1 - Starting...
2025-12-06T13:59:57.256+05:30  INFO 11972 --- [UniversityManagementSystem] [main] com.zaxxer.hikari.pool.HikariPool        : HikariPool-1 - Added connection org.postgresql.jdbc.PgConnection@7a62d697
2025-12-06T13:59:57.259+05:30  INFO 11972 --- [UniversityManagementSystem] [main] com.zaxxer.hikari.HikariDataSource       : HikariPool-1 - Start completed.
2025-12-06T13:59:57.322+05:30  WARN 11972 --- [UniversityManagementSystem] [main] org.hibernate.orm.deprecation            : HHH90000025: PostgreSQLDialect does not need to be specified explicitly using 'hibernate.dialect' (remove the property setting and it will be selected by default)
2025-12-06T13:59:57.359+05:30  INFO 11972 --- [UniversityManagementSystem] [main] org.hibernate.orm.connections.pooling    : HHH10001005: Database info:
	Database JDBC URL [Connecting through datasource 'HikariDataSource (HikariPool-1)']
	Database driver: undefined/unknown
	Database version: 18.0
	Autocommit mode: undefined/unknown
	Isolation level: undefined/unknown
	Minimum pool size: undefined/unknown
	Maximum pool size: undefined/unknown
2025-12-06T13:59:59.174+05:30  INFO 11972 --- [UniversityManagementSystem] [main] o.h.e.t.j.p.i.JtaPlatformInitiator       : HHH000489: No JTA platform available (set 'hibernate.transaction.jta.platform' to enable JTA platform integration)
2025-12-06T13:59:59.384+05:30  INFO 11972 --- [UniversityManagementSystem] [main] j.LocalContainerEntityManagerFactoryBean : Initialized JPA EntityManagerFactory for persistence unit 'default'
2025-12-06T14:00:00.009+05:30  WARN 11972 --- [UniversityManagementSystem] [main] JpaBaseConfiguration$JpaWebConfiguration : spring.jpa.open-in-view is enabled by default. Therefore, database queries may be performed during view rendering. Explicitly configure spring.jpa.open-in-view to disable this warning
2025-12-06T14:00:00.075+05:30  INFO 11972 --- [UniversityManagementSystem] [main] o.s.b.a.w.s.WelcomePageHandlerMapping    : Adding welcome page: class path resource [static/index.html]
2025-12-06T14:00:00.960+05:30  INFO 11972 --- [UniversityManagementSystem] [main] o.s.b.a.e.web.EndpointLinksResolver      : Exposing 1 endpoint beneath base path '/actuator'
2025-12-06T14:00:01.094+05:30  WARN 11972 --- [UniversityManagementSystem] [main] ConfigServletWebServerApplicationContext : Exception encountered during context initialization - cancelling refresh attempt: org.springframework.context.ApplicationContextException: Failed to start bean 'webServerStartStop'
2025-12-06T14:00:01.101+05:30  INFO 11972 --- [UniversityManagementSystem] [main] j.LocalContainerEntityManagerFactoryBean : Closing JPA EntityManagerFactory for persistence unit 'default'
2025-12-06T14:00:01.106+05:30  INFO 11972 --- [UniversityManagementSystem] [main] com.zaxxer.hikari.HikariDataSource       : HikariPool-1 - Shutdown initiated...
2025-12-06T14:00:01.124+05:30  INFO 11972 --- [UniversityManagementSystem] [main] com.zaxxer.hikari.HikariDataSource       : HikariPool-1 - Shutdown completed.
2025-12-06T14:00:01.181+05:30  INFO 11972 --- [UniversityManagementSystem] [main] .s.b.a.l.ConditionEvaluationReportLogger : 

Error starting ApplicationContext. To display the condition evaluation report re-run your application with 'debug' enabled.
2025-12-06T14:00:01.218+05:30 ERROR 11972 --- [UniversityManagementSystem] [main] o.s.b.d.LoggingFailureAnalysisReporter   : 

***************************
APPLICATION FAILED TO START
***************************

Description:

Web server failed to start. Port 8080 was already in use.

Action:

Identify and stop the process that's listening on port 8080 or configure this application to listen on another port.

2025-12-06T14:02:45.062+05:30  INFO 808 --- [UniversityManagementSystem] [main] .d.UniversityManagementSystemApplication : Starting UniversityManagementSystemApplication using Java 24.0.1 with PID 808 (C:\Users\AARU\Downloads\UniversityManagementSystem-main\UniversityManagementSystem\target\classes started by Shubham in C:\Users\AARU\Downloads\UniversityManagementSystem-main\UniversityManagementSystem)
2025-12-06T14:02:45.067+05:30  INFO 808 --- [UniversityManagementSystem] [main] .d.UniversityManagementSystemApplication : No active profile set, falling back to 1 default profile: "default"
2025-12-06T14:02:46.743+05:30  INFO 808 --- [UniversityManagementSystem] [main] .s.d.r.c.RepositoryConfigurationDelegate : Bootstrapping Spring Data JPA repositories in DEFAULT mode.
2025-12-06T14:02:46.868+05:30  INFO 808 --- [UniversityManagementSystem] [main] .s.d.r.c.RepositoryConfigurationDelegate : Finished Spring Data repository scanning in 106 ms. Found 5 JPA repository interfaces.
2025-12-06T14:02:47.551+05:30  INFO 808 --- [UniversityManagementSystem] [main] o.s.b.w.embedded.tomcat.TomcatWebServer  : Tomcat initialized with port 8080 (http)
2025-12-06T14:02:47.578+05:30  INFO 808 --- [UniversityManagementSystem] [main] o.apache.catalina.core.StandardService   : Starting service [Tomcat]
2025-12-06T14:02:47.579+05:30  INFO 808 --- [UniversityManagementSystem] [main] o.apache.catalina.core.StandardEngine    : Starting Servlet engine: [Apache Tomcat/10.1.49]
2025-12-06T14:02:47.679+05:30  INFO 808 --- [UniversityManagementSystem] [main] o.a.c.c.C.[Tomcat].[localhost].[/]       : Initializing Spring embedded WebApplicationContext
2025-12-06T14:02:47.680+05:30  INFO 808 --- [UniversityManagementSystem] [main] w.s.c.ServletWebServerApplicationContext : Root WebApplicationContext: initialization completed in 2491 ms
2025-12-06T14:02:48.128+05:30  INFO 808 --- [UniversityManagementSystem] [main] o.hibernate.jpa.internal.util.LogHelper  : HHH000204: Processing PersistenceUnitInfo [name: default]
2025-12-06T14:02:48.235+05:30  INFO 808 --- [UniversityManagementSystem] [main] org.hibernate.Version                    : HHH000412: Hibernate ORM core version 6.6.36.Final
2025-12-06T14:02:48.305+05:30  INFO 808 --- [UniversityManagementSystem] [main] o.h.c.internal.RegionFactoryInitiator    : HHH000026: Second-level cache disabled
2025-12-06T14:02:48.858+05:30  INFO 808 --- [UniversityManagementSystem] [main] o.s.o.j.p.SpringPersistenceUnitInfo      : No LoadTimeWeaver setup: ignoring JPA class transformer
2025-12-06T14:02:48.923+05:30  INFO 808 --- [UniversityManagementSystem] [main] com.zaxxer.hikari.HikariDataSource       : HikariPool-1 - Starting...
2025-12-06T14:02:49.264+05:30  INFO 808 --- [UniversityManagementSystem] [main] com.zaxxer.hikari.pool.HikariPool        : HikariPool-1 - Added connection org.postgresql.jdbc.PgConnection@74830d73
2025-12-06T14:02:49.269+05:30  INFO 808 --- [UniversityManagementSystem] [main] com.zaxxer.hikari.HikariDataSource       : HikariPool-1 - Start completed.
2025-12-06T14:02:49.349+05:30  WARN 808 --- [UniversityManagementSystem] [main] org.hibernate.orm.deprecation            : HHH90000025: PostgreSQLDialect does not need to be specified explicitly using 'hibernate.dialect' (remove the property setting and it will be selected by default)
2025-12-06T14:02:49.394+05:30  INFO 808 --- [UniversityManagementSystem] [main] org.hibernate.orm.connections.pooling    : HHH10001005: Database info:
	Database JDBC URL [Connecting through datasource 'HikariDataSource (HikariPool-1)']
	Database driver: undefined/unknown
	Database version: 18.0
	Autocommit mode: undefined/unknown
	Isolation level: undefined/unknown
	Minimum pool size: undefined/unknown
	Maximum pool size: undefined/unknown
2025-12-06T14:02:51.251+05:30  INFO 808 --- [UniversityManagementSystem] [main] o.h.e.t.j.p.i.JtaPlatformInitiator       : HHH000489: No JTA platform available (set 'hibernate.transaction.jta.platform' to enable JTA platform integration)
2025-12-06T14:02:51.520+05:30  INFO 808 --- [UniversityManagementSystem] [main] j.LocalContainerEntityManagerFactoryBean : Initialized JPA EntityManagerFactory for persistence unit 'default'
2025-12-06T14:02:52.165+05:30  WARN 808 --- [UniversityManagementSystem] [main] JpaBaseConfiguration$JpaWebConfiguration : spring.jpa.open-in-view is enabled by default. Therefore, database queries may be performed during view rendering. Explicitly configure spring.jpa.open-in-view to disable this warning
2025-12-06T14:02:52.213+05:30  INFO 808 --- [UniversityManagementSystem] [main] o.s.b.a.w.s.WelcomePageHandlerMapping    : Adding welcome page: class path resource [static/index.html]
2025-12-06T14:02:52.978+05:30  INFO 808 --- [UniversityManagementSystem] [main] o.s.b.a.e.web.EndpointLinksResolver      : Exposing 1 endpoint beneath base path '/actuator'
2025-12-06T14:02:53.115+05:30  INFO 808 --- [UniversityManagementSystem] [main] o.s.b.w.embedded.tomcat.TomcatWebServer  : Tomcat started on port 8080 (http) with context path '/'
2025-12-06T14:02:53.140+05:30  INFO 808 --- [UniversityManagementSystem] [main] .d.UniversityManagementSystemApplication : Started UniversityManagementSystemApplication in 8.874 seconds (process running for 10.248)
2025-12-06T14:02:57.887+05:30  INFO 808 --- [UniversityManagementSystem] [RMI TCP Connection(4)-127.0.0.1] o.a.c.c.C.[Tomcat].[localhost].[/]       : Initializing Spring DispatcherServlet 'dispatcherServlet'
2025-12-06T14:02:57.887+05:30  INFO 808 --- [UniversityManagementSystem] [RMI TCP Connection(4)-127.0.0.1] o.s.web.servlet.DispatcherServlet        : Initializing Servlet 'dispatcherServlet'
2025-12-06T14:02:57.891+05:30  INFO 808 --- [UniversityManagementSystem] [RMI TCP Connection(4)-127.0.0.1] o.s.web.servlet.DispatcherServlet        : Completed initialization in 3 ms
2025-12-06T14:03:40.562+05:30  INFO 808 --- [UniversityManagementSystem] [http-nio-8080-exec-3] c.example.demo.Service.StudentService    : student data saved successfully
2025-12-06T14:04:04.553+05:30  INFO 808 --- [UniversityManagementSystem] [http-nio-8080-exec-5] c.example.demo.Service.StudentService    : finding student by name:shubham sharma
2025-12-06T14:04:04.553+05:30  INFO 808 --- [UniversityManagementSystem] [http-nio-8080-exec-5] c.example.demo.Service.StudentService    : found student by name:shubham sharma
2025-12-06T14:04:11.988+05:30  INFO 808 --- [UniversityManagementSystem] [http-nio-8080-exec-7] c.example.demo.Service.StudentService    : finding student by name:shubham sharma
2025-12-06T14:04:11.988+05:30  INFO 808 --- [UniversityManagementSystem] [http-nio-8080-exec-7] c.example.demo.Service.StudentService    : found student by name:shubham sharma
2025-12-06T14:05:12.188+05:30  INFO 808 --- [UniversityManagementSystem] [http-nio-8080-exec-10] c.example.demo.Service.ProfessorService  : professor data is adding
2025-12-06T14:05:12.197+05:30  INFO 808 --- [UniversityManagementSystem] [http-nio-8080-exec-10] c.example.demo.Service.ProfessorService  : professor data added successfully
2025-12-06T14:05:43.657+05:30  INFO 808 --- [UniversityManagementSystem] [http-nio-8080-exec-3] c.example.demo.Service.ProfessorService  : finding professor by department:computer science
2025-12-06T14:05:43.657+05:30  INFO 808 --- [UniversityManagementSystem] [http-nio-8080-exec-3] c.example.demo.Service.ProfessorService  : found professor by department:computer science
2025-12-06T14:06:10.970+05:30  INFO 808 --- [UniversityManagementSystem] [http-nio-8080-exec-5] c.example.demo.Service.ProfessorService  : finding professor by id:1
2025-12-06T14:06:10.988+05:30  INFO 808 --- [UniversityManagementSystem] [http-nio-8080-exec-5] c.example.demo.Service.ProfessorService  : professor found by id:1
2025-12-06T14:08:03.890+05:30  INFO 808 --- [UniversityManagementSystem] [http-nio-8080-exec-7] c.example.demo.Service.ProfessorService  : professor data is adding
2025-12-06T14:08:03.895+05:30  INFO 808 --- [UniversityManagementSystem] [http-nio-8080-exec-7] c.example.demo.Service.ProfessorService  : professor data added successfully
2025-12-06T14:08:08.784+05:30  INFO 808 --- [UniversityManagementSystem] [http-nio-8080-exec-9] c.example.demo.Service.ProfessorService  : finding professor by id:2
2025-12-06T14:08:08.787+05:30  INFO 808 --- [UniversityManagementSystem] [http-nio-8080-exec-9] c.example.demo.Service.ProfessorService  : professor found by id:2
2025-12-06T14:08:20.011+05:30  INFO 808 --- [UniversityManagementSystem] [http-nio-8080-exec-1] c.example.demo.Service.ProfessorService  : finding professor by department:Engineering
2025-12-06T14:08:20.011+05:30  INFO 808 --- [UniversityManagementSystem] [http-nio-8080-exec-1] c.example.demo.Service.ProfessorService  : found professor by department:Engineering
2025-12-06T14:09:31.199+05:30  INFO 808 --- [UniversityManagementSystem] [http-nio-8080-exec-3] c.e.demo.Service.AssignmentService       : adding assignment data
2025-12-06T14:09:31.199+05:30 ERROR 808 --- [UniversityManagementSystem] [http-nio-8080-exec-3] c.e.demo.Service.AssignmentService       : assignment title is null
2025-12-06T14:10:08.151+05:30  INFO 808 --- [UniversityManagementSystem] [http-nio-8080-exec-4] c.e.demo.Service.AssignmentService       : adding assignment data
2025-12-06T14:10:08.152+05:30 ERROR 808 --- [UniversityManagementSystem] [http-nio-8080-exec-4] c.e.demo.Service.AssignmentService       : assignment title is null
2025-12-06T14:10:16.137+05:30  INFO 808 --- [UniversityManagementSystem] [http-nio-8080-exec-5] c.e.demo.Service.AssignmentService       : finding assignment by id
2025-12-06T14:10:16.142+05:30 ERROR 808 --- [UniversityManagementSystem] [http-nio-8080-exec-5] c.e.demo.Service.AssignmentService       : assignment id not found
2025-12-06T14:10:25.322+05:30  INFO 808 --- [UniversityManagementSystem] [http-nio-8080-exec-7] c.e.demo.Service.AssignmentService       : finding assignment by id
2025-12-06T14:10:25.325+05:30 ERROR 808 --- [UniversityManagementSystem] [http-nio-8080-exec-7] c.e.demo.Service.AssignmentService       : assignment id not found
2025-12-06T14:10:28.439+05:30  INFO 808 --- [UniversityManagementSystem] [http-nio-8080-exec-8] c.e.demo.Service.AssignmentService       : finding assignment by id
2025-12-06T14:10:28.443+05:30 ERROR 808 --- [UniversityManagementSystem] [http-nio-8080-exec-8] c.e.demo.Service.AssignmentService       : assignment id not found
2025-12-06T14:10:56.052+05:30  INFO 808 --- [UniversityManagementSystem] [http-nio-8080-exec-10] c.e.demo.Service.SubmissionService       : submission data is adding
2025-12-06T14:10:56.053+05:30 ERROR 808 --- [UniversityManagementSystem] [http-nio-8080-exec-10] c.e.demo.Service.SubmissionService       : grade is null
2025-12-06T14:11:11.302+05:30  INFO 808 --- [UniversityManagementSystem] [http-nio-8080-exec-1] c.e.demo.Service.SubmissionService       : getting submission by id:1
2025-12-06T14:11:11.310+05:30 ERROR 808 --- [UniversityManagementSystem] [http-nio-8080-exec-1] c.e.demo.Service.SubmissionService       : submission is not found with id
2025-12-06T14:11:31.130+05:30  INFO 808 --- [UniversityManagementSystem] [http-nio-8080-exec-3] c.example.demo.Service.StudentService    : getting student by id:1
2025-12-06T14:11:31.136+05:30  INFO 808 --- [UniversityManagementSystem] [http-nio-8080-exec-3] c.example.demo.Service.StudentService    : student found by id:1
2025-12-06T14:11:36.928+05:30  INFO 808 --- [UniversityManagementSystem] [http-nio-8080-exec-4] c.example.demo.Service.StudentService    : finding student by name:shubham sharma
2025-12-06T14:11:36.929+05:30  INFO 808 --- [UniversityManagementSystem] [http-nio-8080-exec-4] c.example.demo.Service.StudentService    : found student by name:shubham sharma
2025-12-06T14:11:40.377+05:30  INFO 808 --- [UniversityManagementSystem] [http-nio-8080-exec-5] c.example.demo.Service.StudentService    : getting student by id:1
2025-12-06T14:11:40.382+05:30  INFO 808 --- [UniversityManagementSystem] [http-nio-8080-exec-5] c.example.demo.Service.StudentService    : student found by id:1
2025-12-06T14:11:47.597+05:30  INFO 808 --- [UniversityManagementSystem] [http-nio-8080-exec-7] c.example.demo.Service.StudentService    : finding student by name:SHUBHAM SHARMA
2025-12-06T14:11:47.597+05:30  INFO 808 --- [UniversityManagementSystem] [http-nio-8080-exec-7] c.example.demo.Service.StudentService    : found student by name:SHUBHAM SHARMA
2025-12-06T14:18:21.765+05:30  INFO 808 --- [UniversityManagementSystem] [RMI TCP Connection(22)-127.0.0.1] inMXBeanRegistrar$SpringApplicationAdmin : Application shutdown requested.
2025-12-06T14:18:21.773+05:30  INFO 808 --- [UniversityManagementSystem] [RMI TCP Connection(22)-127.0.0.1] o.s.b.w.e.tomcat.GracefulShutdown        : Commencing graceful shutdown. Waiting for active requests to complete
2025-12-06T14:18:21.782+05:30  INFO 808 --- [UniversityManagementSystem] [tomcat-shutdown] o.s.b.w.e.tomcat.GracefulShutdown        : Graceful shutdown complete
2025-12-06T14:18:21.795+05:30  INFO 808 --- [UniversityManagementSystem] [RMI TCP Connection(22)-127.0.0.1] j.LocalContainerEntityManagerFactoryBean : Closing JPA EntityManagerFactory for persistence unit 'default'
2025-12-06T14:18:21.801+05:30  INFO 808 --- [UniversityManagementSystem] [RMI TCP Connection(22)-127.0.0.1] com.zaxxer.hikari.HikariDataSource       : HikariPool-1 - Shutdown initiated...
2025-12-06T14:18:21.817+05:30  INFO 808 --- [UniversityManagementSystem] [RMI TCP Connection(22)-127.0.0.1] com.zaxxer.hikari.HikariDataSource       : HikariPool-1 - Shutdown completed.
2025-12-06T14:18:41.165+05:30  INFO 11880 --- [UniversityManagementSystem] [main] .d.UniversityManagementSystemApplication : Starting UniversityManagementSystemApplication using Java 24.0.1 with PID 11880 (C:\Users\AARU\Downloads\UniversityManagementSystem-main\UniversityManagementSystem\target\classes started by Shubham in C:\Users\AARU\Downloads\UniversityManagementSystem-main\UniversityManagementSystem)
2025-12-06T14:18:41.169+05:30  INFO 11880 --- [UniversityManagementSystem] [main] .d.UniversityManagementSystemApplication : No active profile set, falling back to 1 default profile: "default"
2025-12-06T14:18:42.691+05:30  INFO 11880 --- [UniversityManagementSystem] [main] .s.d.r.c.RepositoryConfigurationDelegate : Bootstrapping Spring Data JPA repositories in DEFAULT mode.
2025-12-06T14:18:42.812+05:30  INFO 11880 --- [UniversityManagementSystem] [main] .s.d.r.c.RepositoryConfigurationDelegate : Finished Spring Data repository scanning in 104 ms. Found 5 JPA repository interfaces.
2025-12-06T14:18:43.467+05:30  INFO 11880 --- [UniversityManagementSystem] [main] o.s.b.w.embedded.tomcat.TomcatWebServer  : Tomcat initialized with port 8080 (http)
2025-12-06T14:18:43.495+05:30  INFO 11880 --- [UniversityManagementSystem] [main] o.apache.catalina.core.StandardService   : Starting service [Tomcat]
2025-12-06T14:18:43.496+05:30  INFO 11880 --- [UniversityManagementSystem] [main] o.apache.catalina.core.StandardEngine    : Starting Servlet engine: [Apache Tomcat/10.1.49]
2025-12-06T14:18:43.579+05:30  INFO 11880 --- [UniversityManagementSystem] [main] o.a.c.c.C.[Tomcat].[localhost].[/]       : Initializing Spring embedded WebApplicationContext
2025-12-06T14:18:43.580+05:30  INFO 11880 --- [UniversityManagementSystem] [main] w.s.c.ServletWebServerApplicationContext : Root WebApplicationContext: initialization completed in 2320 ms
2025-12-06T14:18:43.999+05:30  INFO 11880 --- [UniversityManagementSystem] [main] o.hibernate.jpa.internal.util.LogHelper  : HHH000204: Processing PersistenceUnitInfo [name: default]
2025-12-06T14:18:44.105+05:30  INFO 11880 --- [UniversityManagementSystem] [main] org.hibernate.Version                    : HHH000412: Hibernate ORM core version 6.6.36.Final
2025-12-06T14:18:44.170+05:30  INFO 11880 --- [UniversityManagementSystem] [main] o.h.c.internal.RegionFactoryInitiator    : HHH000026: Second-level cache disabled
2025-12-06T14:18:44.692+05:30  INFO 11880 --- [UniversityManagementSystem] [main] o.s.o.j.p.SpringPersistenceUnitInfo      : No LoadTimeWeaver setup: ignoring JPA class transformer
2025-12-06T14:18:44.746+05:30  INFO 11880 --- [UniversityManagementSystem] [main] com.zaxxer.hikari.HikariDataSource       : HikariPool-1 - Starting...
2025-12-06T14:18:45.091+05:30  INFO 11880 --- [UniversityManagementSystem] [main] com.zaxxer.hikari.pool.HikariPool        : HikariPool-1 - Added connection org.postgresql.jdbc.PgConnection@7a62d697
2025-12-06T14:18:45.094+05:30  INFO 11880 --- [UniversityManagementSystem] [main] com.zaxxer.hikari.HikariDataSource       : HikariPool-1 - Start completed.
2025-12-06T14:18:45.157+05:30  WARN 11880 --- [UniversityManagementSystem] [main] org.hibernate.orm.deprecation            : HHH90000025: PostgreSQLDialect does not need to be specified explicitly using 'hibernate.dialect' (remove the property setting and it will be selected by default)
2025-12-06T14:18:45.197+05:30  INFO 11880 --- [UniversityManagementSystem] [main] org.hibernate.orm.connections.pooling    : HHH10001005: Database info:
	Database JDBC URL [Connecting through datasource 'HikariDataSource (HikariPool-1)']
	Database driver: undefined/unknown
	Database version: 18.0
	Autocommit mode: undefined/unknown
	Isolation level: undefined/unknown
	Minimum pool size: undefined/unknown
	Maximum pool size: undefined/unknown
2025-12-06T14:18:46.932+05:30  INFO 11880 --- [UniversityManagementSystem] [main] o.h.e.t.j.p.i.JtaPlatformInitiator       : HHH000489: No JTA platform available (set 'hibernate.transaction.jta.platform' to enable JTA platform integration)
2025-12-06T14:18:47.153+05:30  INFO 11880 --- [UniversityManagementSystem] [main] j.LocalContainerEntityManagerFactoryBean : Initialized JPA EntityManagerFactory for persistence unit 'default'
2025-12-06T14:18:47.776+05:30  WARN 11880 --- [UniversityManagementSystem] [main] JpaBaseConfiguration$JpaWebConfiguration : spring.jpa.open-in-view is enabled by default. Therefore, database queries may be performed during view rendering. Explicitly configure spring.jpa.open-in-view to disable this warning
2025-12-06T14:18:47.822+05:30  INFO 11880 --- [UniversityManagementSystem] [main] o.s.b.a.w.s.WelcomePageHandlerMapping    : Adding welcome page: class path resource [static/index.html]
2025-12-06T14:18:48.595+05:30  INFO 11880 --- [UniversityManagementSystem] [main] o.s.b.a.e.web.EndpointLinksResolver      : Exposing 1 endpoint beneath base path '/actuator'
2025-12-06T14:18:48.755+05:30  INFO 11880 --- [UniversityManagementSystem] [main] o.s.b.w.embedded.tomcat.TomcatWebServer  : Tomcat started on port 8080 (http) with context path '/'
2025-12-06T14:18:48.789+05:30  INFO 11880 --- [UniversityManagementSystem] [main] .d.UniversityManagementSystemApplication : Started UniversityManagementSystemApplication in 8.358 seconds (process running for 9.605)
2025-12-06T14:18:49.437+05:30  INFO 11880 --- [UniversityManagementSystem] [RMI TCP Connection(4)-127.0.0.1] o.a.c.c.C.[Tomcat].[localhost].[/]       : Initializing Spring DispatcherServlet 'dispatcherServlet'
2025-12-06T14:18:49.438+05:30  INFO 11880 --- [UniversityManagementSystem] [RMI TCP Connection(4)-127.0.0.1] o.s.web.servlet.DispatcherServlet        : Initializing Servlet 'dispatcherServlet'
2025-12-06T14:18:49.441+05:30  INFO 11880 --- [UniversityManagementSystem] [RMI TCP Connection(4)-127.0.0.1] o.s.web.servlet.DispatcherServlet        : Completed initialization in 3 ms
2025-12-06T14:22:59.997+05:30  INFO 11880 --- [UniversityManagementSystem] [RMI TCP Connection(10)-127.0.0.1] inMXBeanRegistrar$SpringApplicationAdmin : Application shutdown requested.
2025-12-06T14:23:00.001+05:30  INFO 11880 --- [UniversityManagementSystem] [RMI TCP Connection(10)-127.0.0.1] o.s.b.w.e.tomcat.GracefulShutdown        : Commencing graceful shutdown. Waiting for active requests to complete
2025-12-06T14:23:00.009+05:30  INFO 11880 --- [UniversityManagementSystem] [tomcat-shutdown] o.s.b.w.e.tomcat.GracefulShutdown        : Graceful shutdown complete
2025-12-06T14:23:00.023+05:30  INFO 11880 --- [UniversityManagementSystem] [RMI TCP Connection(10)-127.0.0.1] j.LocalContainerEntityManagerFactoryBean : Closing JPA EntityManagerFactory for persistence unit 'default'
2025-12-06T14:23:00.031+05:30  INFO 11880 --- [UniversityManagementSystem] [RMI TCP Connection(10)-127.0.0.1] com.zaxxer.hikari.HikariDataSource       : HikariPool-1 - Shutdown initiated...
2025-12-06T14:23:00.063+05:30  INFO 11880 --- [UniversityManagementSystem] [RMI TCP Connection(10)-127.0.0.1] com.zaxxer.hikari.HikariDataSource       : HikariPool-1 - Shutdown completed.
2025-12-06T14:24:54.913+05:30  INFO 9544 --- [UniversityManagementSystem] [main] .d.UniversityManagementSystemApplication : Starting UniversityManagementSystemApplication using Java 24.0.1 with PID 9544 (C:\Users\AARU\Downloads\UniversityManagementSystem-main\UniversityManagementSystem\target\classes started by Shubham in C:\Users\AARU\Downloads\UniversityManagementSystem-main\UniversityManagementSystem)
2025-12-06T14:24:54.917+05:30  INFO 9544 --- [UniversityManagementSystem] [main] .d.UniversityManagementSystemApplication : No active profile set, falling back to 1 default profile: "default"
2025-12-06T14:24:56.533+05:30  INFO 9544 --- [UniversityManagementSystem] [main] .s.d.r.c.RepositoryConfigurationDelegate : Bootstrapping Spring Data JPA repositories in DEFAULT mode.
2025-12-06T14:24:56.665+05:30  INFO 9544 --- [UniversityManagementSystem] [main] .s.d.r.c.RepositoryConfigurationDelegate : Finished Spring Data repository scanning in 111 ms. Found 5 JPA repository interfaces.
2025-12-06T14:24:57.519+05:30  INFO 9544 --- [UniversityManagementSystem] [main] o.s.b.w.embedded.tomcat.TomcatWebServer  : Tomcat initialized with port 8080 (http)
2025-12-06T14:24:57.557+05:30  INFO 9544 --- [UniversityManagementSystem] [main] o.apache.catalina.core.StandardService   : Starting service [Tomcat]
2025-12-06T14:24:57.557+05:30  INFO 9544 --- [UniversityManagementSystem] [main] o.apache.catalina.core.StandardEngine    : Starting Servlet engine: [Apache Tomcat/10.1.49]
2025-12-06T14:24:57.679+05:30  INFO 9544 --- [UniversityManagementSystem] [main] o.a.c.c.C.[Tomcat].[localhost].[/]       : Initializing Spring embedded WebApplicationContext
2025-12-06T14:24:57.680+05:30  INFO 9544 --- [UniversityManagementSystem] [main] w.s.c.ServletWebServerApplicationContext : Root WebApplicationContext: initialization completed in 2668 ms
2025-12-06T14:24:58.205+05:30  INFO 9544 --- [UniversityManagementSystem] [main] o.hibernate.jpa.internal.util.LogHelper  : HHH000204: Processing PersistenceUnitInfo [name: default]
2025-12-06T14:24:58.390+05:30  INFO 9544 --- [UniversityManagementSystem] [main] org.hibernate.Version                    : HHH000412: Hibernate ORM core version 6.6.36.Final
2025-12-06T14:24:58.457+05:30  INFO 9544 --- [UniversityManagementSystem] [main] o.h.c.internal.RegionFactoryInitiator    : HHH000026: Second-level cache disabled
2025-12-06T14:24:58.992+05:30  INFO 9544 --- [UniversityManagementSystem] [main] o.s.o.j.p.SpringPersistenceUnitInfo      : No LoadTimeWeaver setup: ignoring JPA class transformer
2025-12-06T14:24:59.049+05:30  INFO 9544 --- [UniversityManagementSystem] [main] com.zaxxer.hikari.HikariDataSource       : HikariPool-1 - Starting...
2025-12-06T14:24:59.502+05:30  INFO 9544 --- [UniversityManagementSystem] [main] com.zaxxer.hikari.pool.HikariPool        : HikariPool-1 - Added connection org.postgresql.jdbc.PgConnection@52d63b7e
2025-12-06T14:24:59.506+05:30  INFO 9544 --- [UniversityManagementSystem] [main] com.zaxxer.hikari.HikariDataSource       : HikariPool-1 - Start completed.
2025-12-06T14:24:59.587+05:30  WARN 9544 --- [UniversityManagementSystem] [main] org.hibernate.orm.deprecation            : HHH90000025: PostgreSQLDialect does not need to be specified explicitly using 'hibernate.dialect' (remove the property setting and it will be selected by default)
2025-12-06T14:24:59.632+05:30  INFO 9544 --- [UniversityManagementSystem] [main] org.hibernate.orm.connections.pooling    : HHH10001005: Database info:
	Database JDBC URL [Connecting through datasource 'HikariDataSource (HikariPool-1)']
	Database driver: undefined/unknown
	Database version: 18.0
	Autocommit mode: undefined/unknown
	Isolation level: undefined/unknown
	Minimum pool size: undefined/unknown
	Maximum pool size: undefined/unknown
2025-12-06T14:25:01.566+05:30  INFO 9544 --- [UniversityManagementSystem] [main] o.h.e.t.j.p.i.JtaPlatformInitiator       : HHH000489: No JTA platform available (set 'hibernate.transaction.jta.platform' to enable JTA platform integration)
2025-12-06T14:25:01.828+05:30  INFO 9544 --- [UniversityManagementSystem] [main] j.LocalContainerEntityManagerFactoryBean : Initialized JPA EntityManagerFactory for persistence unit 'default'
2025-12-06T14:25:02.486+05:30  WARN 9544 --- [UniversityManagementSystem] [main] JpaBaseConfiguration$JpaWebConfiguration : spring.jpa.open-in-view is enabled by default. Therefore, database queries may be performed during view rendering. Explicitly configure spring.jpa.open-in-view to disable this warning
2025-12-06T14:25:02.527+05:30  INFO 9544 --- [UniversityManagementSystem] [main] o.s.b.a.w.s.WelcomePageHandlerMapping    : Adding welcome page: class path resource [static/index.html]
2025-12-06T14:25:03.311+05:30  INFO 9544 --- [UniversityManagementSystem] [main] o.s.b.a.e.web.EndpointLinksResolver      : Exposing 1 endpoint beneath base path '/actuator'
2025-12-06T14:25:03.469+05:30  INFO 9544 --- [UniversityManagementSystem] [main] o.s.b.w.embedded.tomcat.TomcatWebServer  : Tomcat started on port 8080 (http) with context path '/'
2025-12-06T14:25:03.495+05:30  INFO 9544 --- [UniversityManagementSystem] [main] .d.UniversityManagementSystemApplication : Started UniversityManagementSystemApplication in 9.405 seconds (process running for 11.114)
2025-12-06T14:25:04.370+05:30  INFO 9544 --- [UniversityManagementSystem] [RMI TCP Connection(4)-127.0.0.1] o.a.c.c.C.[Tomcat].[localhost].[/]       : Initializing Spring DispatcherServlet 'dispatcherServlet'
2025-12-06T14:25:04.371+05:30  INFO 9544 --- [UniversityManagementSystem] [RMI TCP Connection(4)-127.0.0.1] o.s.web.servlet.DispatcherServlet        : Initializing Servlet 'dispatcherServlet'
2025-12-06T14:25:04.373+05:30  INFO 9544 --- [UniversityManagementSystem] [RMI TCP Connection(4)-127.0.0.1] o.s.web.servlet.DispatcherServlet        : Completed initialization in 2 ms
2025-12-06T14:29:01.089+05:30  INFO 9544 --- [UniversityManagementSystem] [http-nio-8080-exec-5] c.example.demo.Service.StudentService    : finding student by name:SHUBHAM SHARMA
2025-12-06T14:29:01.090+05:30  INFO 9544 --- [UniversityManagementSystem] [http-nio-8080-exec-5] c.example.demo.Service.StudentService    : found student by name:SHUBHAM SHARMA
2025-12-06T14:29:53.662+05:30  INFO 9544 --- [UniversityManagementSystem] [RMI TCP Connection(10)-127.0.0.1] inMXBeanRegistrar$SpringApplicationAdmin : Application shutdown requested.
2025-12-06T14:29:53.668+05:30  INFO 9544 --- [UniversityManagementSystem] [RMI TCP Connection(10)-127.0.0.1] o.s.b.w.e.tomcat.GracefulShutdown        : Commencing graceful shutdown. Waiting for active requests to complete
2025-12-06T14:29:53.682+05:30  INFO 9544 --- [UniversityManagementSystem] [tomcat-shutdown] o.s.b.w.e.tomcat.GracefulShutdown        : Graceful shutdown complete
2025-12-06T14:29:53.695+05:30  INFO 9544 --- [UniversityManagementSystem] [RMI TCP Connection(10)-127.0.0.1] j.LocalContainerEntityManagerFactoryBean : Closing JPA EntityManagerFactory for persistence unit 'default'
2025-12-06T14:29:53.702+05:30  INFO 9544 --- [UniversityManagementSystem] [RMI TCP Connection(10)-127.0.0.1] com.zaxxer.hikari.HikariDataSource       : HikariPool-1 - Shutdown initiated...
2025-12-06T14:29:53.723+05:30  INFO 9544 --- [UniversityManagementSystem] [RMI TCP Connection(10)-127.0.0.1] com.zaxxer.hikari.HikariDataSource       : HikariPool-1 - Shutdown completed.
2025-12-06T14:30:49.315+05:30  INFO 7408 --- [UniversityManagementSystem] [main] .d.UniversityManagementSystemApplication : Starting UniversityManagementSystemApplication using Java 24.0.1 with PID 7408 (C:\Users\AARU\Downloads\UniversityManagementSystem-main\UniversityManagementSystem\target\classes started by Shubham in C:\Users\AARU\Downloads\UniversityManagementSystem-main\UniversityManagementSystem)
2025-12-06T14:30:49.319+05:30  INFO 7408 --- [UniversityManagementSystem] [main] .d.UniversityManagementSystemApplication : No active profile set, falling back to 1 default profile: "default"
2025-12-06T14:30:50.833+05:30  INFO 7408 --- [UniversityManagementSystem] [main] .s.d.r.c.RepositoryConfigurationDelegate : Bootstrapping Spring Data JPA repositories in DEFAULT mode.
2025-12-06T14:30:50.953+05:30  INFO 7408 --- [UniversityManagementSystem] [main] .s.d.r.c.RepositoryConfigurationDelegate : Finished Spring Data repository scanning in 102 ms. Found 5 JPA repository interfaces.
2025-12-06T14:30:51.613+05:30  INFO 7408 --- [UniversityManagementSystem] [main] o.s.b.w.embedded.tomcat.TomcatWebServer  : Tomcat initialized with port 8080 (http)
2025-12-06T14:30:51.639+05:30  INFO 7408 --- [UniversityManagementSystem] [main] o.apache.catalina.core.StandardService   : Starting service [Tomcat]
2025-12-06T14:30:51.640+05:30  INFO 7408 --- [UniversityManagementSystem] [main] o.apache.catalina.core.StandardEngine    : Starting Servlet engine: [Apache Tomcat/10.1.49]
2025-12-06T14:30:51.738+05:30  INFO 7408 --- [UniversityManagementSystem] [main] o.a.c.c.C.[Tomcat].[localhost].[/]       : Initializing Spring embedded WebApplicationContext
2025-12-06T14:30:51.739+05:30  INFO 7408 --- [UniversityManagementSystem] [main] w.s.c.ServletWebServerApplicationContext : Root WebApplicationContext: initialization completed in 2316 ms
2025-12-06T14:30:52.166+05:30  INFO 7408 --- [UniversityManagementSystem] [main] o.hibernate.jpa.internal.util.LogHelper  : HHH000204: Processing PersistenceUnitInfo [name: default]
2025-12-06T14:30:52.266+05:30  INFO 7408 --- [UniversityManagementSystem] [main] org.hibernate.Version                    : HHH000412: Hibernate ORM core version 6.6.36.Final
2025-12-06T14:30:52.336+05:30  INFO 7408 --- [UniversityManagementSystem] [main] o.h.c.internal.RegionFactoryInitiator    : HHH000026: Second-level cache disabled
2025-12-06T14:30:52.864+05:30  INFO 7408 --- [UniversityManagementSystem] [main] o.s.o.j.p.SpringPersistenceUnitInfo      : No LoadTimeWeaver setup: ignoring JPA class transformer
2025-12-06T14:30:52.921+05:30  INFO 7408 --- [UniversityManagementSystem] [main] com.zaxxer.hikari.HikariDataSource       : HikariPool-1 - Starting...
2025-12-06T14:30:53.180+05:30  INFO 7408 --- [UniversityManagementSystem] [main] com.zaxxer.hikari.pool.HikariPool        : HikariPool-1 - Added connection org.postgresql.jdbc.PgConnection@4c41a177
2025-12-06T14:30:53.183+05:30  INFO 7408 --- [UniversityManagementSystem] [main] com.zaxxer.hikari.HikariDataSource       : HikariPool-1 - Start completed.
2025-12-06T14:30:53.241+05:30  WARN 7408 --- [UniversityManagementSystem] [main] org.hibernate.orm.deprecation            : HHH90000025: PostgreSQLDialect does not need to be specified explicitly using 'hibernate.dialect' (remove the property setting and it will be selected by default)
2025-12-06T14:30:53.272+05:30  INFO 7408 --- [UniversityManagementSystem] [main] org.hibernate.orm.connections.pooling    : HHH10001005: Database info:
	Database JDBC URL [Connecting through datasource 'HikariDataSource (HikariPool-1)']
	Database driver: undefined/unknown
	Database version: 18.0
	Autocommit mode: undefined/unknown
	Isolation level: undefined/unknown
	Minimum pool size: undefined/unknown
	Maximum pool size: undefined/unknown
2025-12-06T14:30:54.962+05:30  INFO 7408 --- [UniversityManagementSystem] [main] o.h.e.t.j.p.i.JtaPlatformInitiator       : HHH000489: No JTA platform available (set 'hibernate.transaction.jta.platform' to enable JTA platform integration)
2025-12-06T14:30:55.169+05:30  INFO 7408 --- [UniversityManagementSystem] [main] j.LocalContainerEntityManagerFactoryBean : Initialized JPA EntityManagerFactory for persistence unit 'default'
2025-12-06T14:30:55.762+05:30  WARN 7408 --- [UniversityManagementSystem] [main] JpaBaseConfiguration$JpaWebConfiguration : spring.jpa.open-in-view is enabled by default. Therefore, database queries may be performed during view rendering. Explicitly configure spring.jpa.open-in-view to disable this warning
2025-12-06T14:30:55.802+05:30  INFO 7408 --- [UniversityManagementSystem] [main] o.s.b.a.w.s.WelcomePageHandlerMapping    : Adding welcome page: class path resource [static/index.html]
2025-12-06T14:30:56.540+05:30  INFO 7408 --- [UniversityManagementSystem] [main] o.s.b.a.e.web.EndpointLinksResolver      : Exposing 1 endpoint beneath base path '/actuator'
2025-12-06T14:30:56.680+05:30  INFO 7408 --- [UniversityManagementSystem] [main] o.s.b.w.embedded.tomcat.TomcatWebServer  : Tomcat started on port 8080 (http) with context path '/'
2025-12-06T14:30:56.706+05:30  INFO 7408 --- [UniversityManagementSystem] [main] .d.UniversityManagementSystemApplication : Started UniversityManagementSystemApplication in 8.136 seconds (process running for 9.497)
2025-12-06T14:30:57.352+05:30  INFO 7408 --- [UniversityManagementSystem] [RMI TCP Connection(4)-127.0.0.1] o.a.c.c.C.[Tomcat].[localhost].[/]       : Initializing Spring DispatcherServlet 'dispatcherServlet'
2025-12-06T14:30:57.352+05:30  INFO 7408 --- [UniversityManagementSystem] [RMI TCP Connection(4)-127.0.0.1] o.s.web.servlet.DispatcherServlet        : Initializing Servlet 'dispatcherServlet'
2025-12-06T14:30:57.355+05:30  INFO 7408 --- [UniversityManagementSystem] [RMI TCP Connection(4)-127.0.0.1] o.s.web.servlet.DispatcherServlet        : Completed initialization in 2 ms
2025-12-06T14:34:24.162+05:30  INFO 7408 --- [UniversityManagementSystem] [http-nio-8080-exec-6] com.example.demo.Service.CourseService   : adding course data
2025-12-06T14:34:24.163+05:30 ERROR 7408 --- [UniversityManagementSystem] [http-nio-8080-exec-6] com.example.demo.Service.CourseService   : invalid course credit
2025-12-06T14:35:25.733+05:30  INFO 7408 --- [UniversityManagementSystem] [http-nio-8080-exec-8] c.example.demo.Service.StudentService    : student data saved successfully
2025-12-06T14:35:39.520+05:30  INFO 7408 --- [UniversityManagementSystem] [http-nio-8080-exec-2] c.example.demo.Service.StudentService    : finding student by name:SHUBHAM SHARMA
2025-12-06T14:35:39.520+05:30  INFO 7408 --- [UniversityManagementSystem] [http-nio-8080-exec-2] c.example.demo.Service.StudentService    : found student by name:SHUBHAM SHARMA
2025-12-06T14:35:51.342+05:30  INFO 7408 --- [UniversityManagementSystem] [http-nio-8080-exec-1] c.example.demo.Service.StudentService    : getting student by id:1
2025-12-06T14:35:51.346+05:30  INFO 7408 --- [UniversityManagementSystem] [http-nio-8080-exec-1] c.example.demo.Service.StudentService    : student found by id:1
2025-12-06T14:36:11.721+05:30  INFO 7408 --- [UniversityManagementSystem] [http-nio-8080-exec-6] c.example.demo.Service.ProfessorService  : professor data is adding
2025-12-06T14:36:11.729+05:30  INFO 7408 --- [UniversityManagementSystem] [http-nio-8080-exec-6] c.example.demo.Service.ProfessorService  : professor data added successfully
2025-12-06T14:36:21.044+05:30  INFO 7408 --- [UniversityManagementSystem] [http-nio-8080-exec-10] c.example.demo.Service.ProfessorService  : finding professor by department:computer science
2025-12-06T14:36:21.045+05:30  INFO 7408 --- [UniversityManagementSystem] [http-nio-8080-exec-10] c.example.demo.Service.ProfessorService  : found professor by department:computer science
2025-12-06T14:36:58.837+05:30  INFO 7408 --- [UniversityManagementSystem] [http-nio-8080-exec-8] com.example.demo.Service.CourseService   : adding course data
2025-12-06T14:36:58.837+05:30 ERROR 7408 --- [UniversityManagementSystem] [http-nio-8080-exec-8] com.example.demo.Service.CourseService   : invalid course credit
2025-12-06T14:52:29.607+05:30  INFO 7408 --- [UniversityManagementSystem] [RMI TCP Connection(27)-127.0.0.1] inMXBeanRegistrar$SpringApplicationAdmin : Application shutdown requested.
2025-12-06T14:52:29.786+05:30  INFO 7408 --- [UniversityManagementSystem] [RMI TCP Connection(27)-127.0.0.1] o.s.b.w.e.tomcat.GracefulShutdown        : Commencing graceful shutdown. Waiting for active requests to complete
2025-12-06T14:52:29.821+05:30  INFO 7408 --- [UniversityManagementSystem] [tomcat-shutdown] o.s.b.w.e.tomcat.GracefulShutdown        : Graceful shutdown complete
2025-12-06T14:52:29.883+05:30  INFO 7408 --- [UniversityManagementSystem] [RMI TCP Connection(27)-127.0.0.1] j.LocalContainerEntityManagerFactoryBean : Closing JPA EntityManagerFactory for persistence unit 'default'
2025-12-06T14:52:29.926+05:30  INFO 7408 --- [UniversityManagementSystem] [RMI TCP Connection(27)-127.0.0.1] com.zaxxer.hikari.HikariDataSource       : HikariPool-1 - Shutdown initiated...
2025-12-06T14:52:29.953+05:30  INFO 7408 --- [UniversityManagementSystem] [RMI TCP Connection(27)-127.0.0.1] com.zaxxer.hikari.HikariDataSource       : HikariPool-1 - Shutdown completed.
2025-12-06T14:55:38.035+05:30  INFO 12940 --- [UniversityManagementSystem] [main] .d.UniversityManagementSystemApplication : Starting UniversityManagementSystemApplication using Java 24.0.1 with PID 12940 (C:\Users\AARU\Downloads\UniversityManagementSystem-main\UniversityManagementSystem\target\classes started by Shubham in C:\Users\AARU\Downloads\UniversityManagementSystem-main\UniversityManagementSystem)
2025-12-06T14:55:38.041+05:30  INFO 12940 --- [UniversityManagementSystem] [main] .d.UniversityManagementSystemApplication : No active profile set, falling back to 1 default profile: "default"
2025-12-06T14:55:39.848+05:30  INFO 12940 --- [UniversityManagementSystem] [main] .s.d.r.c.RepositoryConfigurationDelegate : Bootstrapping Spring Data JPA repositories in DEFAULT mode.
2025-12-06T14:55:40.002+05:30  INFO 12940 --- [UniversityManagementSystem] [main] .s.d.r.c.RepositoryConfigurationDelegate : Finished Spring Data repository scanning in 128 ms. Found 5 JPA repository interfaces.
2025-12-06T14:55:40.719+05:30  INFO 12940 --- [UniversityManagementSystem] [main] o.s.b.w.embedded.tomcat.TomcatWebServer  : Tomcat initialized with port 8080 (http)
2025-12-06T14:55:40.754+05:30  INFO 12940 --- [UniversityManagementSystem] [main] o.apache.catalina.core.StandardService   : Starting service [Tomcat]
2025-12-06T14:55:40.755+05:30  INFO 12940 --- [UniversityManagementSystem] [main] o.apache.catalina.core.StandardEngine    : Starting Servlet engine: [Apache Tomcat/10.1.49]
2025-12-06T14:55:40.869+05:30  INFO 12940 --- [UniversityManagementSystem] [main] o.a.c.c.C.[Tomcat].[localhost].[/]       : Initializing Spring embedded WebApplicationContext
2025-12-06T14:55:40.870+05:30  INFO 12940 --- [UniversityManagementSystem] [main] w.s.c.ServletWebServerApplicationContext : Root WebApplicationContext: initialization completed in 2693 ms
2025-12-06T14:55:41.298+05:30  INFO 12940 --- [UniversityManagementSystem] [main] o.hibernate.jpa.internal.util.LogHelper  : HHH000204: Processing PersistenceUnitInfo [name: default]
2025-12-06T14:55:41.415+05:30  INFO 12940 --- [UniversityManagementSystem] [main] org.hibernate.Version                    : HHH000412: Hibernate ORM core version 6.6.36.Final
2025-12-06T14:55:41.487+05:30  INFO 12940 --- [UniversityManagementSystem] [main] o.h.c.internal.RegionFactoryInitiator    : HHH000026: Second-level cache disabled
2025-12-06T14:55:42.024+05:30  INFO 12940 --- [UniversityManagementSystem] [main] o.s.o.j.p.SpringPersistenceUnitInfo      : No LoadTimeWeaver setup: ignoring JPA class transformer
2025-12-06T14:55:42.126+05:30  INFO 12940 --- [UniversityManagementSystem] [main] com.zaxxer.hikari.HikariDataSource       : HikariPool-1 - Starting...
2025-12-06T14:55:42.471+05:30  INFO 12940 --- [UniversityManagementSystem] [main] com.zaxxer.hikari.pool.HikariPool        : HikariPool-1 - Added connection org.postgresql.jdbc.PgConnection@714bffd5
2025-12-06T14:55:42.477+05:30  INFO 12940 --- [UniversityManagementSystem] [main] com.zaxxer.hikari.HikariDataSource       : HikariPool-1 - Start completed.
2025-12-06T14:55:42.590+05:30  WARN 12940 --- [UniversityManagementSystem] [main] org.hibernate.orm.deprecation            : HHH90000025: PostgreSQLDialect does not need to be specified explicitly using 'hibernate.dialect' (remove the property setting and it will be selected by default)
2025-12-06T14:55:42.649+05:30  INFO 12940 --- [UniversityManagementSystem] [main] org.hibernate.orm.connections.pooling    : HHH10001005: Database info:
	Database JDBC URL [Connecting through datasource 'HikariDataSource (HikariPool-1)']
	Database driver: undefined/unknown
	Database version: 18.0
	Autocommit mode: undefined/unknown
	Isolation level: undefined/unknown
	Minimum pool size: undefined/unknown
	Maximum pool size: undefined/unknown
2025-12-06T14:55:44.363+05:30  INFO 12940 --- [UniversityManagementSystem] [main] o.h.e.t.j.p.i.JtaPlatformInitiator       : HHH000489: No JTA platform available (set 'hibernate.transaction.jta.platform' to enable JTA platform integration)
2025-12-06T14:55:44.621+05:30  INFO 12940 --- [UniversityManagementSystem] [main] j.LocalContainerEntityManagerFactoryBean : Initialized JPA EntityManagerFactory for persistence unit 'default'
2025-12-06T14:55:45.230+05:30  WARN 12940 --- [UniversityManagementSystem] [main] JpaBaseConfiguration$JpaWebConfiguration : spring.jpa.open-in-view is enabled by default. Therefore, database queries may be performed during view rendering. Explicitly configure spring.jpa.open-in-view to disable this warning
2025-12-06T14:55:45.272+05:30  INFO 12940 --- [UniversityManagementSystem] [main] o.s.b.a.w.s.WelcomePageHandlerMapping    : Adding welcome page: class path resource [static/index.html]
2025-12-06T14:55:46.042+05:30  INFO 12940 --- [UniversityManagementSystem] [main] o.s.b.a.e.web.EndpointLinksResolver      : Exposing 1 endpoint beneath base path '/actuator'
2025-12-06T14:55:46.186+05:30  INFO 12940 --- [UniversityManagementSystem] [main] o.s.b.w.embedded.tomcat.TomcatWebServer  : Tomcat started on port 8080 (http) with context path '/'
2025-12-06T14:55:46.211+05:30  INFO 12940 --- [UniversityManagementSystem] [main] .d.UniversityManagementSystemApplication : Started UniversityManagementSystemApplication in 8.959 seconds (process running for 10.391)
2025-12-06T14:55:47.406+05:30  INFO 12940 --- [UniversityManagementSystem] [RMI TCP Connection(4)-127.0.0.1] o.a.c.c.C.[Tomcat].[localhost].[/]       : Initializing Spring DispatcherServlet 'dispatcherServlet'
2025-12-06T14:55:47.407+05:30  INFO 12940 --- [UniversityManagementSystem] [RMI TCP Connection(4)-127.0.0.1] o.s.web.servlet.DispatcherServlet        : Initializing Servlet 'dispatcherServlet'
2025-12-06T14:55:47.411+05:30  INFO 12940 --- [UniversityManagementSystem] [RMI TCP Connection(4)-127.0.0.1] o.s.web.servlet.DispatcherServlet        : Completed initialization in 3 ms
2025-12-06T14:57:38.187+05:30  INFO 12940 --- [UniversityManagementSystem] [http-nio-8080-exec-2] c.example.demo.Service.ProfessorService  : finding professor by department:computer science
2025-12-06T14:57:38.187+05:30  INFO 12940 --- [UniversityManagementSystem] [http-nio-8080-exec-2] c.example.demo.Service.ProfessorService  : found professor by department:computer science
2025-12-06T14:57:38.688+05:30  INFO 12940 --- [UniversityManagementSystem] [http-nio-8080-exec-3] c.example.demo.Service.ProfessorService  : finding professor by department:computer science
2025-12-06T14:57:38.689+05:30  INFO 12940 --- [UniversityManagementSystem] [http-nio-8080-exec-3] c.example.demo.Service.ProfessorService  : found professor by department:computer science
2025-12-06T14:57:38.913+05:30  INFO 12940 --- [UniversityManagementSystem] [http-nio-8080-exec-4] c.example.demo.Service.ProfessorService  : finding professor by department:computer science
2025-12-06T14:57:38.914+05:30  INFO 12940 --- [UniversityManagementSystem] [http-nio-8080-exec-4] c.example.demo.Service.ProfessorService  : found professor by department:computer science
2025-12-06T14:59:43.461+05:30  INFO 12940 --- [UniversityManagementSystem] [http-nio-8080-exec-3] com.example.demo.Service.CourseService   : adding course data
2025-12-06T14:59:43.462+05:30 ERROR 12940 --- [UniversityManagementSystem] [http-nio-8080-exec-3] com.example.demo.Service.CourseService   : invalid course credit
2025-12-06T15:00:16.545+05:30  INFO 12940 --- [UniversityManagementSystem] [http-nio-8080-exec-4] com.example.demo.Service.CourseService   : adding course data
2025-12-06T15:00:16.545+05:30 ERROR 12940 --- [UniversityManagementSystem] [http-nio-8080-exec-4] com.example.demo.Service.CourseService   : invalid course credit
2025-12-06T15:00:41.643+05:30  INFO 12940 --- [UniversityManagementSystem] [http-nio-8080-exec-6] com.example.demo.Service.CourseService   : adding course data
2025-12-06T15:00:41.644+05:30 ERROR 12940 --- [UniversityManagementSystem] [http-nio-8080-exec-6] com.example.demo.Service.CourseService   : invalid course credit
2025-12-06T15:04:47.883+05:30  INFO 12940 --- [UniversityManagementSystem] [http-nio-8080-exec-10] c.example.demo.Service.ProfessorService  : finding professor by department:computer science
2025-12-06T15:04:47.884+05:30  INFO 12940 --- [UniversityManagementSystem] [http-nio-8080-exec-10] c.example.demo.Service.ProfessorService  : found professor by department:computer science
2025-12-06T15:04:57.893+05:30  INFO 12940 --- [UniversityManagementSystem] [http-nio-8080-exec-1] c.example.demo.Service.ProfessorService  : finding professor by department:computer science
2025-12-06T15:04:57.893+05:30  INFO 12940 --- [UniversityManagementSystem] [http-nio-8080-exec-1] c.example.demo.Service.ProfessorService  : found professor by department:computer science
2025-12-06T15:04:58.586+05:30  INFO 12940 --- [UniversityManagementSystem] [http-nio-8080-exec-2] c.example.demo.Service.ProfessorService  : finding professor by department:computer science
2025-12-06T15:04:58.586+05:30  INFO 12940 --- [UniversityManagementSystem] [http-nio-8080-exec-2] c.example.demo.Service.ProfessorService  : found professor by department:computer science
2025-12-06T15:05:03.604+05:30  INFO 12940 --- [UniversityManagementSystem] [http-nio-8080-exec-4] c.example.demo.Service.ProfessorService  : finding professor by department:Engineering
2025-12-06T15:05:03.604+05:30  INFO 12940 --- [UniversityManagementSystem] [http-nio-8080-exec-4] c.example.demo.Service.ProfessorService  : found professor by department:Engineering
2025-12-06T15:05:09.044+05:30  INFO 12940 --- [UniversityManagementSystem] [http-nio-8080-exec-7] c.example.demo.Service.ProfessorService  : finding professor by department:Engineering
2025-12-06T15:05:09.044+05:30  INFO 12940 --- [UniversityManagementSystem] [http-nio-8080-exec-7] c.example.demo.Service.ProfessorService  : found professor by department:Engineering
2025-12-06T15:05:15.285+05:30  INFO 12940 --- [UniversityManagementSystem] [http-nio-8080-exec-9] c.example.demo.Service.ProfessorService  : finding professor by id:2
2025-12-06T15:05:15.338+05:30  INFO 12940 --- [UniversityManagementSystem] [http-nio-8080-exec-9] c.example.demo.Service.ProfessorService  : professor found by id:2
2025-12-06T15:05:23.428+05:30  INFO 12940 --- [UniversityManagementSystem] [http-nio-8080-exec-5] c.example.demo.Service.ProfessorService  : finding professor by id:2
2025-12-06T15:05:23.431+05:30  INFO 12940 --- [UniversityManagementSystem] [http-nio-8080-exec-5] c.example.demo.Service.ProfessorService  : professor found by id:2
2025-12-06T15:05:26.660+05:30  INFO 12940 --- [UniversityManagementSystem] [http-nio-8080-exec-10] c.example.demo.Service.ProfessorService  : finding professor by department:computer science
2025-12-06T15:05:26.660+05:30  INFO 12940 --- [UniversityManagementSystem] [http-nio-8080-exec-10] c.example.demo.Service.ProfessorService  : found professor by department:computer science
2025-12-06T15:05:41.757+05:30  INFO 12940 --- [UniversityManagementSystem] [http-nio-8080-exec-2] c.example.demo.Service.StudentService    : getting student by id:1
2025-12-06T15:05:41.769+05:30  INFO 12940 --- [UniversityManagementSystem] [http-nio-8080-exec-2] c.example.demo.Service.StudentService    : student found by id:1
2025-12-06T15:05:44.438+05:30  INFO 12940 --- [UniversityManagementSystem] [http-nio-8080-exec-3] c.example.demo.Service.StudentService    : finding student by name:shubham sharma
2025-12-06T15:05:44.438+05:30  INFO 12940 --- [UniversityManagementSystem] [http-nio-8080-exec-3] c.example.demo.Service.StudentService    : found student by name:shubham sharma
2025-12-06T15:05:47.109+05:30  INFO 12940 --- [UniversityManagementSystem] [http-nio-8080-exec-6] c.example.demo.Service.StudentService    : finding student by name:SHUBHAM SHARMA
2025-12-06T15:05:47.109+05:30  INFO 12940 --- [UniversityManagementSystem] [http-nio-8080-exec-6] c.example.demo.Service.StudentService    : found student by name:SHUBHAM SHARMA
2025-12-06T15:06:39.606+05:30  INFO 12940 --- [UniversityManagementSystem] [http-nio-8080-exec-6] c.example.demo.Service.StudentService    : finding student by name:SHUBHAM SHARMA
2025-12-06T15:06:39.606+05:30  INFO 12940 --- [UniversityManagementSystem] [http-nio-8080-exec-6] c.example.demo.Service.StudentService    : found student by name:SHUBHAM SHARMA
2025-12-06T15:06:41.102+05:30  INFO 12940 --- [UniversityManagementSystem] [http-nio-8080-exec-5] c.example.demo.Service.StudentService    : finding student by name:SHUBHAM SHARMA
2025-12-06T15:06:41.102+05:30  INFO 12940 --- [UniversityManagementSystem] [http-nio-8080-exec-5] c.example.demo.Service.StudentService    : found student by name:SHUBHAM SHARMA
2025-12-06T15:06:41.390+05:30  INFO 12940 --- [UniversityManagementSystem] [http-nio-8080-exec-9] c.example.demo.Service.StudentService    : finding student by name:SHUBHAM SHARMA
2025-12-06T15:06:41.390+05:30  INFO 12940 --- [UniversityManagementSystem] [http-nio-8080-exec-9] c.example.demo.Service.StudentService    : found student by name:SHUBHAM SHARMA
2025-12-06T15:06:55.848+05:30  INFO 12940 --- [UniversityManagementSystem] [RMI TCP Connection(17)-127.0.0.1] inMXBeanRegistrar$SpringApplicationAdmin : Application shutdown requested.
2025-12-06T15:06:55.854+05:30  INFO 12940 --- [UniversityManagementSystem] [RMI TCP Connection(17)-127.0.0.1] o.s.b.w.e.tomcat.GracefulShutdown        : Commencing graceful shutdown. Waiting for active requests to complete
2025-12-06T15:06:55.863+05:30  INFO 12940 --- [UniversityManagementSystem] [tomcat-shutdown] o.s.b.w.e.tomcat.GracefulShutdown        : Graceful shutdown complete
2025-12-06T15:06:55.874+05:30  INFO 12940 --- [UniversityManagementSystem] [RMI TCP Connection(17)-127.0.0.1] j.LocalContainerEntityManagerFactoryBean : Closing JPA EntityManagerFactory for persistence unit 'default'
2025-12-06T15:06:55.880+05:30  INFO 12940 --- [UniversityManagementSystem] [RMI TCP Connection(17)-127.0.0.1] com.zaxxer.hikari.HikariDataSource       : HikariPool-1 - Shutdown initiated...
2025-12-06T15:06:55.896+05:30  INFO 12940 --- [UniversityManagementSystem] [RMI TCP Connection(17)-127.0.0.1] com.zaxxer.hikari.HikariDataSource       : HikariPool-1 - Shutdown completed.
2025-12-06T15:09:49.901+05:30  INFO 9792 --- [UniversityManagementSystem] [main] .d.UniversityManagementSystemApplication : Starting UniversityManagementSystemApplication using Java 24.0.1 with PID 9792 (C:\Users\AARU\Downloads\UniversityManagementSystem-main\UniversityManagementSystem\target\classes started by Shubham in C:\Users\AARU\Downloads\UniversityManagementSystem-main\UniversityManagementSystem)
2025-12-06T15:09:49.910+05:30  INFO 9792 --- [UniversityManagementSystem] [main] .d.UniversityManagementSystemApplication : No active profile set, falling back to 1 default profile: "default"
2025-12-06T15:09:51.943+05:30  INFO 9792 --- [UniversityManagementSystem] [main] .s.d.r.c.RepositoryConfigurationDelegate : Bootstrapping Spring Data JPA repositories in DEFAULT mode.
2025-12-06T15:09:52.103+05:30  INFO 9792 --- [UniversityManagementSystem] [main] .s.d.r.c.RepositoryConfigurationDelegate : Finished Spring Data repository scanning in 137 ms. Found 5 JPA repository interfaces.
2025-12-06T15:09:53.072+05:30  INFO 9792 --- [UniversityManagementSystem] [main] o.s.b.w.embedded.tomcat.TomcatWebServer  : Tomcat initialized with port 8080 (http)
2025-12-06T15:09:53.104+05:30  INFO 9792 --- [UniversityManagementSystem] [main] o.apache.catalina.core.StandardService   : Starting service [Tomcat]
2025-12-06T15:09:53.105+05:30  INFO 9792 --- [UniversityManagementSystem] [main] o.apache.catalina.core.StandardEngine    : Starting Servlet engine: [Apache Tomcat/10.1.49]
2025-12-06T15:09:53.226+05:30  INFO 9792 --- [UniversityManagementSystem] [main] o.a.c.c.C.[Tomcat].[localhost].[/]       : Initializing Spring embedded WebApplicationContext
2025-12-06T15:09:53.227+05:30  INFO 9792 --- [UniversityManagementSystem] [main] w.s.c.ServletWebServerApplicationContext : Root WebApplicationContext: initialization completed in 3199 ms
2025-12-06T15:09:53.781+05:30  INFO 9792 --- [UniversityManagementSystem] [main] o.hibernate.jpa.internal.util.LogHelper  : HHH000204: Processing PersistenceUnitInfo [name: default]
2025-12-06T15:09:53.916+05:30  INFO 9792 --- [UniversityManagementSystem] [main] org.hibernate.Version                    : HHH000412: Hibernate ORM core version 6.6.36.Final
2025-12-06T15:09:54.017+05:30  INFO 9792 --- [UniversityManagementSystem] [main] o.h.c.internal.RegionFactoryInitiator    : HHH000026: Second-level cache disabled
2025-12-06T15:09:54.855+05:30  INFO 9792 --- [UniversityManagementSystem] [main] o.s.o.j.p.SpringPersistenceUnitInfo      : No LoadTimeWeaver setup: ignoring JPA class transformer
2025-12-06T15:09:54.937+05:30  INFO 9792 --- [UniversityManagementSystem] [main] com.zaxxer.hikari.HikariDataSource       : HikariPool-1 - Starting...
2025-12-06T15:09:55.367+05:30  INFO 9792 --- [UniversityManagementSystem] [main] com.zaxxer.hikari.pool.HikariPool        : HikariPool-1 - Added connection org.postgresql.jdbc.PgConnection@6068ebb2
2025-12-06T15:09:55.372+05:30  INFO 9792 --- [UniversityManagementSystem] [main] com.zaxxer.hikari.HikariDataSource       : HikariPool-1 - Start completed.
2025-12-06T15:09:55.471+05:30  WARN 9792 --- [UniversityManagementSystem] [main] org.hibernate.orm.deprecation            : HHH90000025: PostgreSQLDialect does not need to be specified explicitly using 'hibernate.dialect' (remove the property setting and it will be selected by default)
2025-12-06T15:09:55.535+05:30  INFO 9792 --- [UniversityManagementSystem] [main] org.hibernate.orm.connections.pooling    : HHH10001005: Database info:
	Database JDBC URL [Connecting through datasource 'HikariDataSource (HikariPool-1)']
	Database driver: undefined/unknown
	Database version: 18.0
	Autocommit mode: undefined/unknown
	Isolation level: undefined/unknown
	Minimum pool size: undefined/unknown
	Maximum pool size: undefined/unknown
2025-12-06T15:09:58.017+05:30  INFO 9792 --- [UniversityManagementSystem] [main] o.h.e.t.j.p.i.JtaPlatformInitiator       : HHH000489: No JTA platform available (set 'hibernate.transaction.jta.platform' to enable JTA platform integration)
2025-12-06T15:09:58.376+05:30  INFO 9792 --- [UniversityManagementSystem] [main] j.LocalContainerEntityManagerFactoryBean : Initialized JPA EntityManagerFactory for persistence unit 'default'
2025-12-06T15:09:59.240+05:30  WARN 9792 --- [UniversityManagementSystem] [main] JpaBaseConfiguration$JpaWebConfiguration : spring.jpa.open-in-view is enabled by default. Therefore, database queries may be performed during view rendering. Explicitly configure spring.jpa.open-in-view to disable this warning
2025-12-06T15:09:59.285+05:30  INFO 9792 --- [UniversityManagementSystem] [main] o.s.b.a.w.s.WelcomePageHandlerMapping    : Adding welcome page: class path resource [static/index.html]
2025-12-06T15:10:00.070+05:30  INFO 9792 --- [UniversityManagementSystem] [main] o.s.b.a.e.web.EndpointLinksResolver      : Exposing 1 endpoint beneath base path '/actuator'
2025-12-06T15:10:00.232+05:30  INFO 9792 --- [UniversityManagementSystem] [main] o.s.b.w.embedded.tomcat.TomcatWebServer  : Tomcat started on port 8080 (http) with context path '/'
2025-12-06T15:10:00.265+05:30  INFO 9792 --- [UniversityManagementSystem] [main] .d.UniversityManagementSystemApplication : Started UniversityManagementSystemApplication in 11.389 seconds (process running for 12.227)
2025-12-06T15:12:19.850+05:30  INFO 9792 --- [UniversityManagementSystem] [http-nio-8080-exec-1] o.a.c.c.C.[Tomcat].[localhost].[/]       : Initializing Spring DispatcherServlet 'dispatcherServlet'
2025-12-06T15:12:19.851+05:30  INFO 9792 --- [UniversityManagementSystem] [http-nio-8080-exec-1] o.s.web.servlet.DispatcherServlet        : Initializing Servlet 'dispatcherServlet'
2025-12-06T15:12:19.854+05:30  INFO 9792 --- [UniversityManagementSystem] [http-nio-8080-exec-1] o.s.web.servlet.DispatcherServlet        : Completed initialization in 2 ms
2025-12-06T15:12:28.006+05:30  INFO 9792 --- [UniversityManagementSystem] [http-nio-8080-exec-5] c.example.demo.Service.ProfessorService  : finding professor by department:computer science
2025-12-06T15:12:28.006+05:30  INFO 9792 --- [UniversityManagementSystem] [http-nio-8080-exec-5] c.example.demo.Service.ProfessorService  : found professor by department:computer science
2025-12-06T15:13:44.993+05:30  INFO 9792 --- [UniversityManagementSystem] [http-nio-8080-exec-7] c.example.demo.Service.StudentService    : finding student by name:SHUBHAM SHARMA
2025-12-06T15:13:44.994+05:30  INFO 9792 --- [UniversityManagementSystem] [http-nio-8080-exec-7] c.example.demo.Service.StudentService    : found student by name:SHUBHAM SHARMA
2025-12-06T15:14:27.357+05:30  INFO 9792 --- [UniversityManagementSystem] [http-nio-8080-exec-7] c.example.demo.Service.StudentService    : finding student by name:SHUBHAM SHARMA
2025-12-06T15:14:27.358+05:30  INFO 9792 --- [UniversityManagementSystem] [http-nio-8080-exec-7] c.example.demo.Service.StudentService    : found student by name:SHUBHAM SHARMA
2025-12-06T15:14:44.811+05:30  INFO 9792 --- [UniversityManagementSystem] [http-nio-8080-exec-9] c.example.demo.Service.StudentService    : getting student by id:1
2025-12-06T15:14:44.864+05:30  INFO 9792 --- [UniversityManagementSystem] [http-nio-8080-exec-9] c.example.demo.Service.StudentService    : student found by id:1
2025-12-06T15:14:53.167+05:30  INFO 9792 --- [UniversityManagementSystem] [http-nio-8080-exec-10] c.example.demo.Service.ProfessorService  : finding professor by id:2
2025-12-06T15:14:53.174+05:30  INFO 9792 --- [UniversityManagementSystem] [http-nio-8080-exec-10] c.example.demo.Service.ProfessorService  : professor found by id:2
2025-12-06T15:15:13.549+05:30  INFO 9792 --- [UniversityManagementSystem] [http-nio-8080-exec-3] com.example.demo.Service.CourseService   : adding course data
2025-12-06T15:15:13.688+05:30  INFO 9792 --- [UniversityManagementSystem] [http-nio-8080-exec-3] com.example.demo.Service.CourseService   : course data added successfully
2025-12-06T15:18:15.614+05:30  INFO 9792 --- [UniversityManagementSystem] [http-nio-8080-exec-2] c.example.demo.Service.ProfessorService  : finding professor by id:1
2025-12-06T15:18:15.620+05:30  INFO 9792 --- [UniversityManagementSystem] [http-nio-8080-exec-2] c.example.demo.Service.ProfessorService  : professor found by id:1
2025-12-06T15:18:31.579+05:30  INFO 9792 --- [UniversityManagementSystem] [http-nio-8080-exec-4] com.example.demo.Service.CourseService   : adding course data
2025-12-06T15:18:31.590+05:30  INFO 9792 --- [UniversityManagementSystem] [http-nio-8080-exec-4] com.example.demo.Service.CourseService   : course data added successfully
2025-12-06T15:18:56.663+05:30  INFO 9792 --- [UniversityManagementSystem] [http-nio-8080-exec-8] c.e.demo.Service.AssignmentService       : adding assignment data
2025-12-06T15:18:56.666+05:30 ERROR 9792 --- [UniversityManagementSystem] [http-nio-8080-exec-8] c.e.demo.Service.AssignmentService       : assignment title is null
2025-12-06T15:19:06.712+05:30  INFO 9792 --- [UniversityManagementSystem] [http-nio-8080-exec-9] c.e.demo.Service.AssignmentService       : finding assignment by id
2025-12-06T15:19:06.721+05:30 ERROR 9792 --- [UniversityManagementSystem] [http-nio-8080-exec-9] c.e.demo.Service.AssignmentService       : assignment id not found
2025-12-06T15:21:14.731+05:30  INFO 9792 --- [UniversityManagementSystem] [http-nio-8080-exec-6] c.e.demo.Service.AssignmentService       : adding assignment data
2025-12-06T15:21:14.732+05:30 ERROR 9792 --- [UniversityManagementSystem] [http-nio-8080-exec-6] c.e.demo.Service.AssignmentService       : assignment title is null
2025-12-06T15:21:24.579+05:30  INFO 9792 --- [UniversityManagementSystem] [http-nio-8080-exec-7] c.e.demo.Service.AssignmentService       : finding assignment by id
2025-12-06T15:21:24.583+05:30 ERROR 9792 --- [UniversityManagementSystem] [http-nio-8080-exec-7] c.e.demo.Service.AssignmentService       : assignment id not found
2025-12-06T15:24:46.723+05:30  INFO 9792 --- [UniversityManagementSystem] [http-nio-8080-exec-9] c.example.demo.Service.StudentService    : getting student by id:1
2025-12-06T15:24:46.727+05:30  INFO 9792 --- [UniversityManagementSystem] [http-nio-8080-exec-9] c.example.demo.Service.StudentService    : student found by id:1
2025-12-06T15:26:17.316+05:30  INFO 9792 --- [UniversityManagementSystem] [http-nio-8080-exec-3] c.example.demo.Service.StudentService    : getting student by id:1
2025-12-06T15:26:17.322+05:30  INFO 9792 --- [UniversityManagementSystem] [http-nio-8080-exec-3] c.example.demo.Service.StudentService    : student found by id:1
2025-12-06T15:26:43.306+05:30  INFO 9792 --- [UniversityManagementSystem] [http-nio-8080-exec-5] c.example.demo.Service.ProfessorService  : finding professor by id:2
2025-12-06T15:26:43.311+05:30  INFO 9792 --- [UniversityManagementSystem] [http-nio-8080-exec-5] c.example.demo.Service.ProfessorService  : professor found by id:2
2025-12-06T15:28:11.891+05:30  INFO 9792 --- [UniversityManagementSystem] [http-nio-8080-exec-9] c.e.demo.Service.AssignmentService       : adding assignment data
2025-12-06T15:28:11.892+05:30 ERROR 9792 --- [UniversityManagementSystem] [http-nio-8080-exec-9] c.e.demo.Service.AssignmentService       : assignment title is null
